---
source: crates/margin-tui/tests/ui_snapshots.rs
expression: "render(&mut state, 80, 24)"
---
 FILES (4)                ▌M src/app.rs  +4 -2
▌ M src/app.rs       +4 -2 @@ -1,5 +1,6 @@ fn setup()
  A docs/NOTES.md    +2 -0    1    1  use std::env;
  M assets/logo.pn┌ margin — keys ───────────────────────────┐
  R new/path.txt  │                                          │
                  │  j / k            move down / up         │
                  │  J / K            next / previous hunk   │
                  │  ] / [            next / previous file   │ar("PROFILE");
                  │  gg / G           top / bottom           │f().unwrap_or("def
                  │  Ctrl-d / Ctrl-u  half page down / up    │
                  │  /                search (regex, smart-ca│
                  │  n / N            next / previous match  │
                  │  f                jump to file (fuzzy)   │
                  │  s / u            stage / unstage hunk   │
                  │  v                toggle unified / side-b│
                  │  w                toggle line wrap       │
                  │  b                toggle sidebar         │
                  │  ?                toggle this help       │
                  │  q                quit                   │
                  │                                          │
                  └──────────────────────────────────────────┘hown
                           R old/path.txt → new/path.txt  +0 -0
                                 └ renamed without content changes
 src/app.rs  1/23
